---
source: src/controllers/mealplans.rs
expression: "&meal_plans"
---
{
  "meal_plans": [
    {
      "id": 1,
      "name": "the first",
      "meals": [
        {
          "id": 90,
          "details": {
            "type": "from_recipe",
            "id": 10
          },
          "section": null,
          "is_cooked": true
        },
        {
          "id": 91,
          "details": {
            "type": "untracked",
            "name": "FrozenBanana"
          },
          "section": null,
          "is_cooked": false
        }
      ]
    },
    {
      "id": 2,
      "name": "the second",
      "meals": [
        {
          "id": 91,
          "details": {
            "type": "from_recipe",
            "id": 11
          },
          "section": null,
          "is_cooked": false
        }
      ]
    }
  ]
}
